******************************************************************************
                  TI ARM Linker Unix v20.2.4                   
******************************************************************************
>> Linked Sat Dec 19 13:31:26 2020

OUTPUT FILE NAME:   <empty_CC1352R1_LAUNCHXL_tirtos_ccs.out>
ENTRY POINT SYMBOL: "ResetISR"  address: 000026e9


MEMORY CONFIGURATION

         name            origin    length      used     unused   attr    fill
----------------------  --------  ---------  --------  --------  ----  --------
  FLASH                 00000000   00058000  00004324  00053cdc  R  X
  GPRAM                 11000000   00002000  00000000  00002000  RW X
  SRAM                  20000000   00014000  00004fcb  0000f035  RW X
  LOG_DATA              90000000   00040000  00000000  00040000  R   


SEGMENT ALLOCATION MAP

run origin  load origin   length   init length attrs members
----------  ----------- ---------- ----------- ----- -------
00000000    00000000    000042d0   000042d0    r-x
  00000000    00000000    0000003c   0000003c    r-- .resetVecs
  0000003c    0000003c    00003af4   00003af4    r-x .text
  00003b30    00003b30    000005c4   000005c4    r-- .const
  000040f8    000040f8    000001d8   000001d8    r-- .cinit
00057fa8    00057fa8    00000058   00000058    r--
  00057fa8    00057fa8    00000058   00000058    r-- .ccfg
20000100    20000100    0000000c   00000000    rw-
  20000100    20000100    00000004   00000000    rw- .data:xdcRomConstPtr
  20000104    20000104    00000004   00000000    rw- .data:xdcRomExternFuncPtr
  20000108    20000108    00000004   00000000    rw- .data:xdcRomStatePtr
20000110    20000110    00004000   00000000    r--
  20000110    20000110    00004000   00000000    r-- .priheap
20004110    20004110    00000aed   00000000    rw-
  20004110    20004110    000005da   00000000    rw- .data
  200046f0    200046f0    0000050d   00000000    rw- .bss
20013c00    20013c00    00000400   00000000    rw-
  20013c00    20013c00    00000400   00000000    rw- .stack


SECTION ALLOCATION MAP

 output                                  attributes/
section   page    origin      length       input sections
--------  ----  ----------  ----------   ----------------
.binit     0    00000000    00000000     

.cinit     0    000040f8    000001d8     
                  000040f8    00000184     (.cinit..data.load) [load image, compression = lzss]
                  0000427c    0000000c     (__TI_handler_table)
                  00004288    00000008     (.cinit..bss.load) [load image, compression = zero_init]
                  00004290    00000008     (.cinit..data:xdcRomConstPtr.load) [load image, compression = lzss]
                  00004298    00000008     (.cinit..data:xdcRomExternFuncPtr.load) [load image, compression = lzss]
                  000042a0    00000008     (.cinit..data:xdcRomStatePtr.load) [load image, compression = lzss]
                  000042a8    00000028     (__TI_cinit_table)

.init_array 
*          0    00000000    00000000     UNINITIALIZED

.ccfg      0    00057fa8    00000058     
                  00057fa8    00000058     ti_devices_config.obj (.ccfg:retain)

.data      0    20004110    000005da     UNINITIALIZED
                  20004110    00000170     drivers_cc13x2.a : PowerCC26X2.oem4f (.data:PowerCC26X2_module)
                  20004280    0000010c     release_pem4f.oem4f (.data:ROM_stateStruct)
                  2000438c    00000088     rom_sysbios.aem4f : rom_sysbios.obj (.data:$O1$$)
                  20004414    00000054     release_pem4f.oem4f (.data:ti_sysbios_gates_GateMutex_Object__table__V)
                  20004468    0000004c     release_pem4f.oem4f (.data:ti_sysbios_knl_Task_Object__table__V)
                  200044b4    00000004     ti_drivers_config.obj (.data:gpioCallbackFunctions)
                  200044b8    00000048     release_pem4f.oem4f (.data:ti_sysbios_family_arm_cc26xx_Timer_Object__table__V)
                  20004500    00000030     release_pem4f.oem4f (.data:ti_sysbios_knl_Swi_Module_State_0_readyQ__A)
                  20004530    00000030     release_pem4f.oem4f (.data:ti_sysbios_knl_Swi_Object__table__V)
                  20004560    00000030     release_pem4f.oem4f (.data:ti_sysbios_knl_Task_Module_State_0_readyQ__A)
                  20004590    00000024     driverlib.lib : osc.obj (.data:$O1$$)
                  200045b4    00000004     ti_drivers_config.obj (.data:gpioPinConfigs)
                  200045b8    00000020     drivers_cc13x2.a : TRNGCC26XX.oem4f (.data:entropyPoolBuffer)
                  200045d8    00000020     release_pem4f.oem4f (.data:ti_sysbios_knl_Clock_Object__table__V)
                  200045f8    00000020     release_pem4f.oem4f (.data:xdc_runtime_Error_IgnoreBlock)
                  20004618    00000018     release_pem4f.oem4f (.data:ti_sysbios_family_arm_m3_Hwi_Object__table__V)
                  20004630    00000018     release_pem4f.oem4f (.data:ti_sysbios_heaps_HeapMem_Object__table__V)
                  20004648    00000008     rtsv7M4_T_le_v4SPD16_eabi.lib : _lock.c.obj (.data:$O1$$)
                  20004650    00000008     drivers_cc13x2.a : PINCC26XX.oem4f (.data)
                  20004658    00000008                      : TRNGCC26XX.oem4f (.data:jobList)
                  20004660    00000008     release_pem4f.oem4f (.data:ti_sysbios_family_arm_m3_Hwi_Module__root__V)
                  20004668    00000008     release_pem4f.oem4f (.data:ti_sysbios_gates_GateHwi_Module__root__V)
                  20004670    00000008     release_pem4f.oem4f (.data:ti_sysbios_gates_GateMutex_Module__root__V)
                  20004678    00000008     release_pem4f.oem4f (.data:ti_sysbios_hal_Hwi_Module__root__V)
                  20004680    00000008     release_pem4f.oem4f (.data:ti_sysbios_heaps_HeapMem_Module__root__V)
                  20004688    00000008     release_pem4f.oem4f (.data:ti_sysbios_knl_Clock_Module__root__V)
                  20004690    00000008     release_pem4f.oem4f (.data:ti_sysbios_knl_Event_Module__root__V)
                  20004698    00000008     release_pem4f.oem4f (.data:ti_sysbios_knl_Mailbox_Module__root__V)
                  200046a0    00000008     release_pem4f.oem4f (.data:ti_sysbios_knl_Queue_Module__root__V)
                  200046a8    00000008     release_pem4f.oem4f (.data:ti_sysbios_knl_Semaphore_Module__root__V)
                  200046b0    00000008     release_pem4f.oem4f (.data:ti_sysbios_knl_Swi_Module__root__V)
                  200046b8    00000008     release_pem4f.oem4f (.data:ti_sysbios_knl_Task_Module__root__V)
                  200046c0    00000008     release_pem4f.oem4f (.data:xdc_runtime_System_Module_State_0_atexitHandlers__A)
                  200046c8    00000005     drivers_cc13x2.a : GPIOCC26XX.oem4f (.data)
                  200046cd    00000002                      : TRNGCC26XX.oem4f (.data)
                  200046cf    00000001     --HOLE--
                  200046d0    00000004                      : GPIOCC26XX.oem4f (.data:gpioPinTable)
                  200046d4    00000004     rtsv7M4_T_le_v4SPD16_eabi.lib : rand.c.obj (.data)
                  200046d8    00000004                                   : stkdepth_vars.c.obj (.data)
                  200046dc    00000004     release_pem4f.oem4f (.data:ti_sysbios_family_arm_m3_Hwi_Module_State_0_excContext__A)
                  200046e0    00000004     release_pem4f.oem4f (.data:ti_sysbios_family_arm_m3_Hwi_Module_State_0_excStack__A)
                  200046e4    00000004     release_pem4f.oem4f (.data:ti_sysbios_knl_Task_Module_State_0_idleTask__A)
                  200046e8    00000002     release_pem4f.oem4f (.data:ti_sysbios_family_arm_m3_Hwi_Module_State_0_excActive__A)

.bss       0    200046f0    0000050d     UNINITIALIZED
                  200046f0    00000200     release_pem4f.oem4f (.bss:taskStackSection)
                  200048f0    000000d8     (.common:ti_sysbios_family_arm_m3_Hwi_dispatchTable)
                  200049c8    00000080     (.common:trngCC26XXObjects)
                  20004a48    0000007c     (.common:pinHandleTable)
                  20004ac4    00000050     drivers_cc13x2.a : PINCC26XX.oem4f (.bss:pinSemaphore)
                  20004b14    00000034                      : PINCC26XX.oem4f (.bss:pinSwi)
                  20004b48    00000020                      : GPIOCC26XX.oem4f (.bss:gpioCallbackInfo)
                  20004b68    00000020                      : PINCC26XX.oem4f (.bss:pinGpioConfigTable)
                  20004b88    0000001c                      : TRNGCC26XX.oem4f (.bss:TRNGCC26XX_hwi)
                  20004ba4    0000001c                      : TRNGCC26XX.oem4f (.bss:entropyPool)
                  20004bc0    0000001c                      : PINCC26XX.oem4f (.bss:pinHwi)
                  20004bdc    0000000c                      : GPIOCC26XX.oem4f (.bss:gpioPinState)
                  20004be8    00000008                      : GPIOCC26XX.oem4f (.bss)
                  20004bf0    00000004                      : PINCC26XX.oem4f (.bss)
                  20004bf4    00000004     (.common:PowerCC26XX_swiKey)
                  20004bf8    00000004     (.common:PowerCC26XX_taskKey)
                  20004bfc    00000001     (.common:driverlib_release_0_58048)

.stack     0    20013c00    00000400     UNINITIALIZED
                  20013c00    00000400     --HOLE--

.priheap   0    20000110    00004000     UNINITIALIZED
                  20000110    00004000     --HOLE--

.log_data 
*          0    90000000    00000000     COPY SECTION

.data:xdcRomConstPtr 
*          0    20000100    00000004     UNINITIALIZED
                  20000100    00000004     release_pem4f.oem4f (.data:xdcRomConstPtr)

.data:xdcRomExternFuncPtr 
*          0    20000104    00000004     UNINITIALIZED
                  20000104    00000004     release_pem4f.oem4f (.data:xdcRomExternFuncPtr)

.data:xdcRomStatePtr 
*          0    20000108    00000004     UNINITIALIZED
                  20000108    00000004     release_pem4f.oem4f (.data:xdcRomStatePtr)

.bootVecs 
*          0    00000000    00000008     DSECT
                  00000000    00000008     boot.aem4f : boot.oem4f (.bootVecs)

.resetVecs 
*          0    00000000    0000003c     
                  00000000    0000003c     release_pem4f.oem4f (.resetVecs)

.vecs      0    20000000    000000d8     NOLOAD SECTION
                  20000000    000000d8     release_pem4f.oem4f (.vecs)

xdc.meta   0    00000000    000000fb     COPY SECTION
                  00000000    000000fb     release_pem4f.oem4f (xdc.meta)

xdc.noload 
*          0    00000000    00000000     COPY SECTION

__llvm_prf_cnts 
*          0    20000000    00000000     UNINITIALIZED

.text      0    0000003c    00003af4     
                  0000003c    000001cc     drivers_cc13x2.a : PINCC26XX.oem4f (.text:PIN_init)
                  00000208    000001b6     rtsv7M4_T_le_v4SPD16_eabi.lib : fd_add_t2.asm.obj (.text)
                  000003be    00000002     ti_drivers_config.obj (.text:Board_initHook)
                  000003c0    00000198     drivers_cc13x2.a : PowerCC26X2.oem4f (.text:Power_sleep)
                  00000558    00000190                      : PowerCC26X2_calibrateRCOSC.oem4f (.text:calibrateRcoscHf1)
                  000006e8    0000018c                      : PowerCC26X2_calibrateRCOSC.oem4f (.text:runCalibrateFsm)
                  00000874    00000188     release_pem4f.oem4f (.text:xdc_runtime_System_printfExtend__I)
                  000009fc    00000174     drivers_cc13x2.a : PowerCC26X2.oem4f (.text:Power_init)
                  00000b70    00000120                      : PowerCC26X2.oem4f (.text:configureXOSCHF)
                  00000c90    00000110                      : GPIOCC26XX.oem4f (.text:GPIO_setConfig)
                  00000da0    000000fc     rtsv7M4_T_le_v4SPD16_eabi.lib : fd_mul_t2.asm.obj (.text)
                  00000e9c    000000f8     driverlib.lib : sys_ctrl.obj (.text:NOROM_SysCtrlStandby)
                  00000f94    000000f8     drivers_cc13x2.a : PINCC26XX.oem4f (.text:PINCC26XX_setIoCfg)
                  0000108c    000000ec     rom_sysbios.aem4f : rom_sysbios.obj (.text:pthread_create)
                  00001178    000000c8     dpl_cc13x2.a : PowerCC26X2_tirtos.oem4f (.text:PowerCC26XX_standbyPolicy)
                  00001240    000000c4     drivers_cc13x2.a : GPIOCC26XX.oem4f (.text:GPIO_init)
                  00001304    000000c0                      : PowerCC26X2.oem4f (.text:Power_releaseDependency)
                  000013c4    000000b8                      : PowerCC26X2.oem4f (.text:Power_setDependency)
                  0000147c    000000b4                      : TRNGCC26XX.oem4f (.text:TRNG_generateEntropy)
                  00001530    000000ac                      : PINCC26XX.oem4f (.text:PIN_open)
                  000015dc    000000ac     driverlib.lib : setup.obj (.text:TrimAfterColdResetWakeupFromShutDown)
                  00001688    000000a0     auto_init.aem4f : auto_init.oem4f (.text)
                  00001728    000000a0     rom_sysbios.aem4f : rom_sysbios.obj (.text:ti_sysbios_knl_Task_setPri__E)
                  000017c8    0000009c     rtsv7M4_T_le_v4SPD16_eabi.lib : memcpy_t2.asm.obj (.text)
                  00001864    0000009a     empty.obj (.text:mainThread)
                  000018fe    00000002     rtsv7M4_T_le_v4SPD16_eabi.lib : _lock.c.obj (.text:_nop)
                  00001900    00000098     driverlib.lib : setup.obj (.text:NOROM_SetupTrimDevice)
                  00001998    00000096     rtsv7M4_T_le_v4SPD16_eabi.lib : ull_div_t2.asm.obj (.text)
                  00001a2e    00000002     drivers_cc13x2.a : PowerCC26X2.oem4f (.text:emptyClockFunc)
                  00001a30    00000094                      : TRNGCC26XX.oem4f (.text:TRNGCC26XX_hwiFxn)
                  00001ac4    00000088     driverlib.lib : osc.obj (.text:NOROM_OSCHF_AttemptToSwitchToXosc)
                  00001b4c    00000088     rom_sysbios.aem4f : rom_sysbios.obj (.text:_pthread_removeThreadKeys)
                  00001bd4    00000088     drivers_cc13x2.a : PowerCC26X2_calibrateRCOSC.oem4f (.text:calibrateRcoscHf2)
                  00001c5c    00000088                      : PowerCC26X2.oem4f (.text:disableLFClockQualifiers)
                  00001ce4    00000088                      : PowerCC26X2_calibrateRCOSC.oem4f (.text:updateSubSecInc)
                  00001d6c    00000086     rtsv7M4_T_le_v4SPD16_eabi.lib : fd_cmp_t2.asm.obj (.text:__aeabi_cdcmple)
                  00001df2    00000086                                   : fd_cmp_t2.asm.obj (.text:__aeabi_cdrcmple)
                  00001e78    00000084     ti_drivers_config.obj (.text:Board_sendExtFlashByte)
                  00001efc    00000084     rom_sysbios.aem4f : rom_sysbios.obj (.text:ti_sysbios_family_arm_m3_Hwi_excHandlerMin__I)
                  00001f80    00000080     driverlib.lib : sys_ctrl.obj (.text:NOROM_SysCtrlSetRechargeBeforePowerDown)
                  00002000    00000080     rom_sysbios.aem4f : rom_sysbios.obj (.text:ti_sysbios_family_arm_cc26xx_Timer_start__E)
                  00002080    0000007a     rtsv7M4_T_le_v4SPD16_eabi.lib : memset_t2.asm.obj (.text)
                  000020fa    00000002                                   : div0.asm.obj (.text)
                  000020fc    00000074     drivers_cc13x2.a : PowerCC26X2_calibrateRCOSC.oem4f (.text:PowerCC26X2_auxISR)
                  00002170    00000074                      : TRNGCC26XX.oem4f (.text:TRNG_construct)
                  000021e4    00000070                      : PINCC26XX.oem4f (.text:PIN_add)
                  00002254    0000006d     rom_sysbios.aem4f : rom_sysbios.obj (.text:xdc_runtime_System_formatNum__I)
                  000022c1    00000001     --HOLE-- [fill = 0]
                  000022c2    00000002     release_pem4f.oem4f (.text:ti_sysbios_BIOS_nullFunc__I)
                  000022c4    0000006c     driverlib.lib : chipinfo.obj (.text:NOROM_ChipInfo_GetChipType)
                  00002330    00000068                   : osc.obj (.text:NOROM_OSCHF_SwitchToRcOscTurnOffXosc)
                  00002398    00000068     rtsv7M4_T_le_v4SPD16_eabi.lib : copy_decompress_lzss.c.obj (.text:decompress:lzss:__TI_decompress_lzss)
                  00002400    00000064     main_tirtos.obj (.text:main)
                  00002464    00000060     drivers_cc13x2.a : GPIOCC26XX.oem4f (.text:GPIO_write)
                  000024c4    00000060                      : TRNGCC26XX.oem4f (.text:TRNGCC26XX_startTrng)
                  00002524    0000005c                      : PINCC26XX.oem4f (.text:PIN_remove)
                  00002580    0000005c     rom_sysbios.aem4f : rom_sysbios.obj (.text:ti_sysbios_heaps_HeapMem_initPrimary__I)
                  000025dc    0000005c     release_pem4f.oem4f (.text:xdc_runtime_Startup_getState__I)
                  00002638    00000058     drivers_cc13x2.a : PowerCC26X2_calibrateRCOSC.oem4f (.text:PowerCC26X2_initiateCalibration)
                  00002690    00000058                      : TRNGCC26XX.oem4f (.text:TRNG_init)
                  000026e8    00000058     boot.aem4f : boot.oem4f (.text)
                  00002740    00000058     rom_sysbios.aem4f : rom_sysbios.obj (.text:pthread_exit)
                  00002798    00000054     driverlib.lib : prcm.obj (.text:NOROM_PRCMPowerDomainsAllOff)
                  000027ec    00000054     drivers_cc13x2.a : StructRingBuf.oem4f (.text:StructRingBuf_put)
                  00002840    00000054     dpl_cc13x2.a : SwiP_tirtos.oem4f (.text:SwiP_construct)
                  00002894    00000050     drivers_cc13x2.a : TRNGCC26XX.oem4f (.text:TRNGCC26XX_waitForResult)
                  000028e4    0000004c     ti_drivers_config.obj (.text:Board_wakeUpExtFlash)
                  00002930    0000004c     driverlib.lib : prcm.obj (.text:NOROM_PRCMPowerDomainsAllOn)
                  0000297c    0000004c     drivers_cc13x2.a : StructRingBuf.oem4f (.text:StructRingBuf_get)
                  000029c8    0000004c     rtsv7M4_T_le_v4SPD16_eabi.lib : cpy_tbl.c.obj (.text:copy_in)
                  00002a14    00000048     drivers_cc13x2.a : PowerCC26X2_calibrateRCOSC.oem4f (.text:PowerCC26X2_RCOSC_clockFunc)
                  00002a5c    00000048     rtsv7M4_T_le_v4SPD16_eabi.lib : fd_toi_t2.asm.obj (.text)
                  00002aa4    00000048     drivers_cc13x2.a : PowerCC26X2.oem4f (.text:switchXOSCHF)
                  00002aec    00000044     driverlib.lib : chipinfo.obj (.text:NOROM_ChipInfo_GetHwRevision)
                  00002b30    00000044     drivers_cc13x2.a : PINCC26XX.oem4f (.text:PIN_swi)
                  00002b74    00000044     rtsv7M4_T_le_v4SPD16_eabi.lib : fd_tou_t2.asm.obj (.text)
                  00002bb8    00000040     ti_drivers_config.obj (.text:Board_shutDownExtFlash)
                  00002bf8    00000040     dpl_cc13x2.a : ClockP_tirtos.oem4f (.text:ClockP_construct)
                  00002c38    00000040     driverlib.lib : osc.obj (.text:NOROM_OSC_HPOSCRelativeFrequencyOffsetGet)
                  00002c78    00000040     drivers_cc13x2.a : TRNGCC26XX.oem4f (.text:TRNGCC26XX_copyToClient)
                  00002cb8    00000040     rtsv7M4_T_le_v4SPD16_eabi.lib : u_divt2.asm.obj (.text)
                  00002cf8    00000040     rom_sysbios.aem4f : rom_sysbios.obj (.text:ti_sysbios_family_arm_cc26xx_Timer_setThreshold__I)
                  00002d38    0000003e     dpl_cc13x2.a : HwiP_tirtos.oem4f (.text:HwiP_construct)
                  00002d76    00000002     rom_sysbios.aem4f : rom_sysbios.obj (.text:xdc_runtime_SysCallback_defaultAbort)
                  00002d78    0000003c     drivers_cc13x2.a : PINCC26XX.oem4f (.text:PIN_setOutputValue)
                  00002db4    0000003c     rom_sysbios.aem4f : rom_sysbios.obj (.text:sleep)
                  00002df0    0000003c                       : rom_sysbios.obj (.text:ti_sysbios_family_arm_m3_Hwi_construct2__E)
                  00002e2c    00000038     drivers_cc13x2.a : PINCC26XX.oem4f (.text:PIN_setConfig)
                  00002e64    00000038                      : PowerCC26X2.oem4f (.text:notify)
                  00002e9c    00000038     rtsv7M4_T_le_v4SPD16_eabi.lib : fs_tod_t2.asm.obj (.text)
                  00002ed4    00000036     rom_sysbios.aem4f : rom_sysbios.obj (.text:ti_sysbios_family_arm_cc26xx_Timer_setNextTick__E)
                  00002f0a    00000002                       : rom_sysbios.obj (.text:xdc_runtime_SysCallback_defaultExit)
                  00002f0c    00000034     drivers_cc13x2.a : GPIOCC26XX.oem4f (.text:GPIO_toggle)
                  00002f40    00000034     driverlib.lib : aux_sysif.obj (.text:NOROM_AUXSYSIFOpModeChange)
                  00002f74    00000034                   : sys_ctrl.obj (.text:NOROM_SysCtrlIdle)
                  00002fa8    00000034     rtsv7M4_T_le_v4SPD16_eabi.lib : rand.c.obj (.text:rand)
                  00002fdc    00000030     drivers_cc13x2.a : GPIOCC26XX.oem4f (.text:GPIO_hwiIntFxn)
                  0000300c    00000030                      : GPIOCC26XX.oem4f (.text:GPIO_setCallback)
                  0000303c    00000030                      : PowerCC26X2.oem4f (.text:Power_releaseConstraint)
                  0000306c    00000030                      : PowerCC26X2.oem4f (.text:Power_setConstraint)
                  0000309c    00000030                      : TRNGCC26XX.oem4f (.text:TRNGCC26XX_fillEntropyPool)
                  000030cc    00000030     release_pem4f.oem4f (.text:ti_sysbios_BIOS_atExitFunc__I)
                  000030fc    00000030     release_pem4f.oem4f (.text:ti_sysbios_BIOS_startFunc__I)
                  0000312c    00000030     rom_sysbios.aem4f : rom_sysbios.obj (.text:ti_sysbios_family_arm_cc26xx_Timer_getCurrentTick__E)
                  0000315c    00000030                       : rom_sysbios.obj (.text:ti_sysbios_family_arm_cc26xx_Timer_initDevice__I)
                  0000318c    0000002e     drivers_cc13x2.a : TRNGCC26XX.oem4f (.text:TRNGCC26XX_serviceJob)
                  000031ba    0000002e     rtsv7M4_T_le_v4SPD16_eabi.lib : i_tofd_t2.asm.obj (.text)
                  000031e8    0000002c     dpl_cc13x2.a : SemaphoreP_tirtos.oem4f (.text:SemaphoreP_constructBinary)
                  00003214    0000002c                  : SemaphoreP_tirtos.oem4f (.text:SemaphoreP_createBinary)
                  00003240    0000002c     drivers_cc13x2.a : TRNGCC26XX.oem4f (.text:TRNGCC26XX_stopTrng)
                  0000326c    0000002c     rom_sysbios.aem4f : rom_sysbios.obj (.text:_pthread_delete$45)
                  00003298    0000002c                       : rom_sysbios.obj (.text:pthread_setcancelstate)
                  000032c4    0000002c                       : rom_sysbios.obj (.text:ti_sysbios_knl_Clock_getTicksUntilInterrupt__E)
                  000032f0    00000028     drivers_cc13x2.a : PowerCC26X2.oem4f (.text:oscillatorISR)
                  00003318    00000026                      : List.oem4f (.text:List_put)
                  0000333e    00000026                      : List.oem4f (.text:List_putHead)
                  00003364    00000026                      : List.oem4f (.text:List_remove)
                  0000338a    00000002     rom_sysbios.aem4f : rom_sysbios.obj (.text:xdc_runtime_SysCallback_defaultFlush)
                  0000338c    00000024     driverlib.lib : osc.obj (.text:NOROM_OSCHF_TurnOnXosc)
                  000033b0    00000024     rom_sysbios.aem4f : rom_sysbios.obj (.text:_pthread_cleanupFxn)
                  000033d4    00000024     drivers_cc13x2.a : PowerCC26X2_calibrateRCOSC.oem4f (.text:getTdcSemaphore)
                  000033f8    00000024     rom_sysbios.aem4f : rom_sysbios.obj (.text:pthread_attr_init)
                  0000341c    00000024     rtsv7M4_T_le_v4SPD16_eabi.lib : rand.c.obj (.text:srand)
                  00003440    00000024     release_pem4f.oem4f (.text:ti_sysbios_BIOS_registerRTSLock__I)
                  00003464    00000024     release_pem4f.oem4f (.text:ti_sysbios_BIOS_removeRTSLock__I)
                  00003488    00000024     rom_sysbios.aem4f : rom_sysbios.obj (.text:ti_sysbios_family_arm_cc26xx_Timer_getMaxTicks__E)
                  000034ac    00000020     ti_drivers_config.obj (.text:Board_init)
                  000034cc    00000020     drivers_cc13x2.a : PINCC26XX.oem4f (.text:PINCC26XX_setIoCfgMux)
                  000034ec    00000020     release_pem4f.oem4f (.text:ti_sysbios_BIOS_rtsLock__I)
                  0000350c    00000020     rom_sysbios.aem4f : rom_sysbios.obj (.text:ti_sysbios_family_arm_cc26xx_Timer_dynamicStub__E)
                  0000352c    00000020                       : rom_sysbios.obj (.text:xdc_runtime_Error_policyMin__E)
                  0000354c    0000001e     drivers_cc13x2.a : PINCC26XX.oem4f (.text:PIN_close)
                  0000356a    0000001e                      : PowerCC26X2.oem4f (.text:Power_getTransitionLatency)
                  00003588    0000001c     driverlib.lib : chipinfo.obj (.text:NOROM_ChipInfo_GetChipFamily)
                  000035a4    0000001c     drivers_cc13x2.a : PINCC26XX.oem4f (.text:PIN_hwi)
                  000035c0    0000001c     dpl_cc13x2.a : PowerCC26X2_tirtos.oem4f (.text:PowerCC26XX_schedulerDisable)
                  000035dc    0000001c                  : PowerCC26X2_tirtos.oem4f (.text:PowerCC26XX_schedulerRestore)
                  000035f8    0000001c     rom_sysbios.aem4f : rom_sysbios.obj (.text:ti_sysbios_knl_Swi_construct2__E)
                  00003614    0000001c     release_pem4f.oem4f (.text:xdc_runtime_Startup_exec__I)
                  00003630    0000001a     drivers_cc13x2.a : PowerCC26X2.oem4f (.text:PowerCC26XX_calibrate)
                  0000364a    00000002     rom_sysbios.aem4f : rom_sysbios.obj (.text:xdc_runtime_SysCallback_defaultPutch)
                  0000364c    00000018     driverlib.lib : chipinfo.obj (.text:NOROM_ChipInfo_GetPackageType)
                  00003664    00000018     drivers_cc13x2.a : PowerCC26X2.oem4f (.text:Power_idleFunc)
                  0000367c    00000018                      : TRNGCC26XX.oem4f (.text:TRNGCC26XX_startJob)
                  00003694    00000018     rtsv7M4_T_le_v4SPD16_eabi.lib : args_main.c.obj (.text:_args_main)
                  000036ac    00000018                                   : ll_mul_t2.asm.obj (.text)
                  000036c4    00000018     drivers_cc13x2.a : PowerCC26X2.oem4f (.text:switchToTCXO)
                  000036dc    00000018     release_pem4f.oem4f (.text:ti_sysbios_BIOS_rtsUnlock__I)
                  000036f4    00000018     rom_sysbios.aem4f : rom_sysbios.obj (.text:ti_sysbios_knl_Swi_or__E)
                  0000370c    00000018                       : rom_sysbios.obj (.text:xdc_runtime_Error_init__E)
                  00003724    00000016     driverlib.lib : chipinfo.obj (.text:NOROM_ThisLibraryIsFor_CC13x2_CC26x2_HwRev20AndLater_HaltIfViolated)
                  0000373a    00000016     rom_sysbios.aem4f : rom_sysbios.obj (.text:_pthread_cleanup_pop)
                  00003750    00000016     release_pem4f.oem4f (.text:ti_sysbios_BIOS_exitFunc__I)
                  00003766    00000014     drivers_cc13x2.a : PowerCC26X2_calibrateRCOSC.oem4f (.text:PowerCC26X2_calibrate)
                  0000377a    00000014                      : StructRingBuf.oem4f (.text:StructRingBuf_construct)
                  0000378e    00000014     rom_sysbios.aem4f : rom_sysbios.obj (.text:pthread_attr_setschedparam)
                  000037a2    00000002     --HOLE-- [fill = 0]
                  000037a4    00000014                       : rom_sysbios.obj (.text:ti_sysbios_family_arm_cc26xx_Timer_getCount64__E)
                  000037b8    00000014     release_pem4f.oem4f (.text:ti_sysbios_knl_Clock_doTick__I)
                  000037cc    00000012     dpl_cc13x2.a : SemaphoreP_tirtos.oem4f (.text:SemaphoreP_pend)
                  000037de    00000012     rom_sysbios.aem4f : rom_sysbios.obj (.text:_pthread_runStub$45)
                  000037f0    00000010     dpl_cc13x2.a : HwiP_tirtos.oem4f (.text:HwiP_Params_init)
                  00003800    00000010     drivers_cc13x2.a : PINCC26XX.oem4f (.text:PINCC26XX_getPinCount)
                  00003810    00000010     dpl_cc13x2.a : SwiP_tirtos.oem4f (.text:SwiP_Params_init)
                  00003820    00000010     drivers_cc13x2.a : TRNG.oem4f (.text:TRNG_open)
                  00003830    0000000e                      : CryptoKeyPlaintextCC26XX.oem4f (.text:CryptoKeyPlaintext_initBlankKey)
                  0000383e    0000000e                      : StructRingBuf.oem4f (.text:StructRingBuf_isFull)
                  0000384c    0000000e     rtsv7M4_T_le_v4SPD16_eabi.lib : copy_decompress_none.c.obj (.text:decompress:none:__TI_decompress_none)
                  0000385a    0000000e     rom_sysbios.aem4f : rom_sysbios.obj (.text:pthread_attr_setdetachstate)
                  00003868    0000000e                       : rom_sysbios.obj (.text:ti_sysbios_family_arm_cc26xx_TimestampProvider_get32__E)
                  00003876    00000002     --HOLE-- [fill = 0]
                  00003878    0000000c     dpl_cc13x2.a : ClockP_tirtos.oem4f (.text:ClockP_getSystemTickPeriod)
                  00003884    0000000c     driverlib.lib : cpu.obj (.text:NOROM_CPUcpsid)
                  00003890    0000000c                   : cpu.obj (.text:NOROM_CPUcpsie)
                  0000389c    0000000c     drivers_cc13x2.a : PINCC26XX.oem4f (.text:PIN_registerIntCb)
                  000038a8    0000000c                      : PowerCC26X2.oem4f (.text:Power_getConstraintMask)
                  000038b4    0000000c                      : PowerCC26X2.oem4f (.text:Power_getDependencyCount)
                  000038c0    0000000c     dpl_cc13x2.a : SemaphoreP_tirtos.oem4f (.text:SemaphoreP_delete)
                  000038cc    0000000c     rtsv7M4_T_le_v4SPD16_eabi.lib : _lock.c.obj (.text:_register_lock)
                  000038d8    0000000c                                   : _lock.c.obj (.text:_register_unlock)
                  000038e4    0000000c                                   : copy_zero_init.c.obj (.text:decompress:ZI:__TI_zero_init)
                  000038f0    0000000c     rom_sysbios.aem4f : rom_sysbios.obj (.text:pthread_self)
                  000038fc    0000000c                       : rom_sysbios.obj (.text:ti_sysbios_knl_Queue_insert__E)
                  00003908    0000000c                       : rom_sysbios.obj (.text:ti_sysbios_knl_Swi_getTrigger__E)
                  00003914    0000000a     dpl_cc13x2.a : ClockP_tirtos.oem4f (.text:ClockP_Params_init)
                  0000391e    00000008     release_pem4f.oem4f (.text:xdc_runtime_Text_visitRope__I)
                  00003926    00000006     driverlib.lib : cpu.obj (.text:NOROM_CPUdelay)
                  0000392c    00000006     drivers_cc13x2.a : PowerCC26X2.oem4f (.text:delayUs)
                  00003932    00000006     rom_sysbios.aem4f : rom_sysbios.obj (.text:pthread_attr_setstacksize)
                  00003938    00000004     dpl_cc13x2.a : PowerCC26X2_tirtos.oem4f (.text:CPUwfi)
                  0000393c    00000004                  : ClockP_tirtos.oem4f (.text:ClockP_start)
                  00003940    00000004                  : ClockP_tirtos.oem4f (.text:ClockP_stop)
                  00003944    00000004                  : HwiP_tirtos.oem4f (.text:HwiP_disable)
                  00003948    00000004                  : HwiP_tirtos.oem4f (.text:HwiP_setPriority)
                  0000394c    00000004                  : SemaphoreP_tirtos.oem4f (.text:SemaphoreP_post)
                  00003950    00000004                  : SwiP_tirtos.oem4f (.text:SwiP_getTrigger)
                  00003954    00000004                  : SwiP_tirtos.oem4f (.text:SwiP_or)
                  00003958    00000004     drivers_cc13x2.a : PowerCC26X2.oem4f (.text:configureRFCoreClocks)
                  0000395c    00000004                      : PowerCC26X2.oem4f (.text:nopResourceHandler)
                  00003960    00000004     rom_sysbios.aem4f : rom_sysbios.obj (.text:ti_sysbios_knl_Task_getArg1__E)
                  00003964    00000004                       : rom_sysbios.obj (.text:ti_sysbios_knl_Task_getEnv__E)
                  00003968    00000004     release_pem4f.oem4f (.text:xdc_runtime_Startup_reset__I)
                  0000396c    00000004     rom_sysbios.aem4f : rom_sysbios.obj (.text:xdc_runtime_SysCallback_defaultReady)
                  00003970    00000008     (.tramp.ti_sysbios_family_arm_m3_Hwi_setPriority__E.1)
                  00003978    00000008     (.tramp.ti_sysbios_family_arm_m3_Hwi_disableFxn__E.1)
                  00003980    00000008     (.tramp.ti_sysbios_knl_Task_self__E.1)
                  00003988    00000008     (.tramp.ti_sysbios_knl_Semaphore_delete.1)
                  00003990    00000008     (.tramp.ti_sysbios_knl_Clock_logTick__E.1)
                  00003998    00000008     (.tramp.ti_sysbios_knl_Swi_post__E.1)
                  000039a0    00000008     (.tramp.ti_sysbios_BIOS_RtsGateProxy_leave__E.1)
                  000039a8    00000008     (.tramp.ti_sysbios_knl_Swi_construct.1)
                  000039b0    00000008     (.tramp.ti_sysbios_knl_Swi_restore__E.1)
                  000039b8    00000008     (.tramp.ti_sysbios_BIOS_RtsGateProxy_enter__E.1)
                  000039c0    00000008     (.tramp.ti_sysbios_knl_Clock_TimerProxy_getCurrentTick__E.1)
                  000039c8    00000008     (.tramp.ti_sysbios_knl_Task_delete.1)
                  000039d0    00000008     (.tramp.ti_sysbios_knl_Semaphore_destruct.1)
                  000039d8    00000008     (.tramp.ti_sysbios_knl_Semaphore_create.1)
                  000039e0    00000008     (.tramp.ti_sysbios_knl_Task_startup__E.1)
                  000039e8    00000008     (.tramp.ti_sysbios_knl_Swi_startup__E.1)
                  000039f0    00000008     (.tramp.ti_sysbios_hal_Hwi_startup__E.1)
                  000039f8    00000008     (.tramp.ti_sysbios_family_arm_cc26xx_Timer_startup__E.1)
                  00003a00    00000008     (.tramp.xdc_runtime_System_atexit__E.1)
                  00003a08    00000008     (.tramp.ti_sysbios_BIOS_linkedWithIncorrectBootLibrary__E.1)
                  00003a10    00000008     (.tramp.xdc_runtime_Startup_rtsDone__E.1)
                  00003a18    00000008     (.tramp.ti_sysbios_knl_Swi_disable__E.1)
                  00003a20    00000008     (.tramp.ti_sysbios_family_arm_m3_Hwi_construct.1)
                  00003a28    00000008     (.tramp.ti_sysbios_knl_Task_sleep__E.1)
                  00003a30    00000008     (.tramp.ti_sysbios_family_arm_m3_Hwi_Params__init__S.1)
                  00003a38    00000008     (.tramp.ti_sysbios_knl_Clock_construct.1)
                  00003a40    00000008     (.tramp.ti_sysbios_knl_Clock_Params__init__S.1)
                  00003a48    00000008     (.tramp.ti_sysbios_knl_Swi_Params__init__S.1)
                  00003a50    00000008     (.tramp.xdc_runtime_System_exit__E.1)
                  00003a58    00000008     (.tramp.ti_sysbios_heaps_HeapMem_restore__E.1)
                  00003a60    00000008     (.tramp.ti_sysbios_heaps_HeapMem_Object__get__S.1)
                  00003a68    00000008     (.tramp.ti_sysbios_BIOS_start__E.1)
                  00003a70    00000008     (.tramp.xdc_runtime_Error_raiseX__E.1)
                  00003a78    00000008     (.tramp.ti_sysbios_BIOS_setThreadType__E.1)
                  00003a80    00000008     (.tramp.ti_sysbios_family_arm_m3_Hwi_excFillContext__I.1)
                  00003a88    00000008     (.tramp.ti_sysbios_knl_Semaphore_post__E.1)
                  00003a90    00000008     (.tramp.xdc_runtime_Memory_free__E.1)
                  00003a98    00000008     (.tramp.ti_sysbios_knl_Queue_next__E.1)
                  00003aa0    00000008     (.tramp.ti_sysbios_knl_Queue_head__E.1)
                  00003aa8    00000008     (.tramp.ti_sysbios_knl_Semaphore_pend__E.1)
                  00003ab0    00000008     (.tramp.ti_sysbios_knl_Task_restore__E.1)
                  00003ab8    00000008     (.tramp.ti_sysbios_knl_Queue_enqueue__E.1)
                  00003ac0    00000008     (.tramp.ti_sysbios_knl_Queue_empty__E.1)
                  00003ac8    00000008     (.tramp.ti_sysbios_knl_Queue_remove__E.1)
                  00003ad0    00000008     (.tramp.ti_sysbios_knl_Task_disable__E.1)
                  00003ad8    00000008     (.tramp.ti_sysbios_knl_Clock_stop__E.1)
                  00003ae0    00000008     (.tramp.ti_sysbios_knl_Clock_start__E.1)
                  00003ae8    00000008     (.tramp.ti_sysbios_knl_Clock_setTimeout__E.1)
                  00003af0    00000008     (.tramp.ti_sysbios_knl_Task_create.1)
                  00003af8    00000008     (.tramp.ti_sysbios_knl_Semaphore_construct.1)
                  00003b00    00000008     (.tramp.ti_sysbios_knl_Semaphore_Params__init__S.1)
                  00003b08    00000008     (.tramp.ti_sysbios_knl_Queue_construct.1)
                  00003b10    00000008     (.tramp.xdc_runtime_Memory_alloc__E.1)
                  00003b18    00000008     (.tramp.ti_sysbios_knl_Task_Params__init__S.1)
                  00003b20    00000008     (.tramp.ti_sysbios_family_arm_m3_Hwi_restoreFxn__E.1)
                  00003b28    00000008     (.tramp.xdc_runtime_System_doPrint__I.1)

.const     0    00003b30    000005c4     
                  00003b30    000003b8     release_pem4f.oem4f (.const:ROM_constStruct)
                  00003ee8    00000054     drivers_cc13x2.a : PowerCC26X2.oem4f (.const:resourceDB)
                  00003f3c    00000048     release_pem4f.oem4f (.const:.string)
                  00003f84    00000048     release_pem4f.oem4f (.const:ROM_externFuncPtrs)
                  00003fcc    00000024     release_pem4f.oem4f (.const:xdc_runtime_Startup_sfxnTab__A)
                  00003ff0    00000018     drivers_cc13x2.a : GPIOCC26XX.oem4f (.const:interruptType)
                  00004008    00000014     ti_drivers_config.obj (.const:$P$T1$2)
                  0000401c    00000014     ti_drivers_config.obj (.const:GPIOCC26XX_config)
                  00004030    00000014     ti_drivers_config.obj (.const:PowerCC26X2_config)
                  00004044    00000012     release_pem4f.oem4f (.const:xdc_runtime_Startup_sfxnRts__A)
                  00004056    00000001     release_pem4f.oem4f (.const:xdc_runtime_Text_charTab__A)
                  00004057    00000001     --HOLE-- [fill = 0]
                  00004058    00000010     drivers_cc13x2.a : TRNG.oem4f (.const:TRNG_defaultParams)
                  00004068    00000010                      : GPIOCC26XX.oem4f (.const:outPinTypes)
                  00004078    0000000c                      : GPIOCC26XX.oem4f (.const:inPinTypes)
                  00004084    0000000c                      : GPIOCC26XX.oem4f (.const:outPinStrengths)
                  00004090    0000000c     ti_drivers_config.obj (.const:trngCC26XXHWAttrs)
                  0000409c    0000000c     release_pem4f.oem4f (.const:xdc_runtime_Startup_firstFxns__A)
                  000040a8    00000008     driverlib.lib : aux_sysif.obj (.const:$O1$$)
                  000040b0    00000008     ti_drivers_config.obj (.const:$P$T0$1)
                  000040b8    00000008     ti_drivers_config.obj (.const:BoardGpioInitTable)
                  000040c0    00000008     ti_drivers_config.obj (.const:PINCC26XX_hwAttrs)
                  000040c8    00000008     ti_drivers_config.obj (.const:TRNG_config)
                  000040d0    00000008     release_pem4f.oem4f (.const:ti_sysbios_family_arm_m3_Hwi_excHookFuncs__A)
                  000040d8    00000008     release_pem4f.oem4f (.const:ti_sysbios_knl_Idle_funcList__A)
                  000040e0    00000004     release_pem4f.oem4f (.const:ti_sysbios_family_arm_m3_Hwi_E_exception__C)
                  000040e4    00000004     release_pem4f.oem4f (.const:ti_sysbios_heaps_HeapMem_primaryHeapBaseAddr__C)
                  000040e8    00000004     release_pem4f.oem4f (.const:ti_sysbios_heaps_HeapMem_primaryHeapEndAddr__C)
                  000040ec    00000004     release_pem4f.oem4f (.const:ti_sysbios_knl_Clock_tickPeriod__C)
                  000040f0    00000004     release_pem4f.oem4f (.const:ti_sysbios_knl_Task_Object__heap__C)

MODULE SUMMARY

       Module                             code    ro data   rw data
       ------                             ----    -------   -------
    ./
       empty.obj                          154     0         0      
       main_tirtos.obj                    100     0         0      
    +--+----------------------------------+-------+---------+---------+
       Total:                             254     0         0      
                                                                   
    ./syscfg/
       ti_drivers_config.obj              306     104       136    
       ti_devices_config.obj              0       88        0      
    +--+----------------------------------+-------+---------+---------+
       Total:                             306     192       136    
                                                                   
    /Users/vkmetyk/Work/Iot/tirtos_builds_cc13x2_cc26x2_release_ccs/Debug/configPkg/package/cfg/
       release_pem4f.oem4f                792     1259      1830   
    +--+----------------------------------+-------+---------+---------+
       Total:                             792     1259      1830   
                                                                   
    /Users/vkmetyk/Work/Iot/tirtos_builds_cc13x2_cc26x2_release_ccs/src/sysbios/rom_sysbios.aem4f
       rom_sysbios.obj                    1965    0         136    
    +--+----------------------------------+-------+---------+---------+
       Total:                             1965    0         136    
                                                                   
    /Volumes/Storage/shared/vkmetyk/CCS-Program/ccs/tools/compiler/ti-cgt-arm_20.2.4.LTS/lib/rtsv7M4_T_le_v4SPD16_eabi.lib
       fd_add_t2.asm.obj                  438     0         0      
       fd_cmp_t2.asm.obj                  268     0         0      
       fd_mul_t2.asm.obj                  252     0         0      
       memcpy_t2.asm.obj                  156     0         0      
       ull_div_t2.asm.obj                 150     0         0      
       memset_t2.asm.obj                  122     0         0      
       copy_decompress_lzss.c.obj         104     0         0      
       rand.c.obj                         88      0         4      
       cpy_tbl.c.obj                      76      0         0      
       fd_toi_t2.asm.obj                  72      0         0      
       fd_tou_t2.asm.obj                  68      0         0      
       u_divt2.asm.obj                    64      0         0      
       fs_tod_t2.asm.obj                  56      0         0      
       i_tofd_t2.asm.obj                  46      0         0      
       _lock.c.obj                        26      0         8      
       args_main.c.obj                    24      0         0      
       ll_mul_t2.asm.obj                  24      0         0      
       copy_decompress_none.c.obj         14      0         0      
       copy_zero_init.c.obj               12      0         0      
       stkdepth_vars.c.obj                0       0         4      
       div0.asm.obj                       2       0         0      
    +--+----------------------------------+-------+---------+---------+
       Total:                             2062    0         16     
                                                                   
    /Volumes/Storage/shared/vkmetyk/CCS-Program/ccs/utils/simplelink_cc13x2_26x2_sdk_4_30_00_54/kernel/tirtos/packages/ti/dpl/lib/ccs/m4f/dpl_cc13x2.a
       PowerCC26X2_tirtos.oem4f           260     0         8      
       SemaphoreP_tirtos.oem4f            122     0         0      
       SwiP_tirtos.oem4f                  108     0         0      
       ClockP_tirtos.oem4f                94      0         0      
       HwiP_tirtos.oem4f                  86      0         0      
    +--+----------------------------------+-------+---------+---------+
       Total:                             670     0         8      
                                                                   
    /Volumes/Storage/shared/vkmetyk/CCS-Program/ccs/utils/simplelink_cc13x2_26x2_sdk_4_30_00_54/kernel/tirtos/packages/ti/targets/arm/rtsarm/lib/auto_init.aem4f
       auto_init.oem4f                    160     0         0      
    +--+----------------------------------+-------+---------+---------+
       Total:                             160     0         0      
                                                                   
    /Volumes/Storage/shared/vkmetyk/CCS-Program/ccs/utils/simplelink_cc13x2_26x2_sdk_4_30_00_54/kernel/tirtos/packages/ti/targets/arm/rtsarm/lib/boot.aem4f
       boot.oem4f                         88      0         0      
    +--+----------------------------------+-------+---------+---------+
       Total:                             88      0         0      
                                                                   
    /Volumes/Storage/shared/vkmetyk/CCS-Program/ccs/utils/simplelink_cc13x2_26x2_sdk_4_30_00_54/source/ti/devices/cc13x2_cc26x2/driverlib/bin/ccs/driverlib.lib
       sys_ctrl.obj                       428     0         0      
       osc.obj                            340     0         36     
       setup.obj                          324     0         0      
       chipinfo.obj                       250     0         0      
       prcm.obj                           160     0         0      
       aux_sysif.obj                      52      8         0      
       cpu.obj                            30      0         0      
       driverlib_release.obj              0       0         1      
    +--+----------------------------------+-------+---------+---------+
       Total:                             1584    8         37     
                                                                   
    /Volumes/Storage/shared/vkmetyk/CCS-Program/ccs/utils/simplelink_cc13x2_26x2_sdk_4_30_00_54/source/ti/drivers/lib/ccs/m4f/drivers_cc13x2.a
       PowerCC26X2.oem4f                  1988    84        368    
       PINCC26XX.oem4f                    1386    0         328    
       PowerCC26X2_calibrateRCOSC.oem4f   1400    0         0      
       TRNGCC26XX.oem4f                   934     0         98     
       GPIOCC26XX.oem4f                   712     64        61     
       StructRingBuf.oem4f                194     0         0      
       List.oem4f                         114     0         0      
       TRNG.oem4f                         16      16        0      
       CryptoKeyPlaintextCC26XX.oem4f     14      0         0      
    +--+----------------------------------+-------+---------+---------+
       Total:                             6758    164       855    
                                                                   
       Stack:                             0       0         1024   
       Linker Generated:                  448     472       0      
    +--+----------------------------------+-------+---------+---------+
       Grand Total:                       15087   2095      4042   


LINKER GENERATED COPY TABLES

__TI_cinit_table @ 000042a8 records: 5, size/record: 8, table size: 40
	.data: load addr=000040f8, load size=00000184 bytes, run addr=20004110, run size=000005da bytes, compression=lzss
	.bss: load addr=00004288, load size=00000008 bytes, run addr=200046f0, run size=0000050d bytes, compression=zero_init
	.data:xdcRomConstPtr: load addr=00004290, load size=00000008 bytes, run addr=20000100, run size=00000004 bytes, compression=lzss
	.data:xdcRomExternFuncPtr: load addr=00004298, load size=00000008 bytes, run addr=20000104, run size=00000004 bytes, compression=lzss
	.data:xdcRomStatePtr: load addr=000042a0, load size=00000008 bytes, run addr=20000108, run size=00000004 bytes, compression=lzss


LINKER GENERATED HANDLER TABLE

__TI_handler_table @ 0000427c records: 3, size/record: 4, table size: 12
	index: 0, handler: __TI_decompress_lzss
	index: 1, handler: __TI_decompress_none
	index: 2, handler: __TI_zero_init


FAR CALL TRAMPOLINES

callee name               trampoline name
   callee addr  tramp addr   call addr  call info
--------------  -----------  ---------  ----------------
ti_sysbios_family_arm_m3_Hwi_setPriority__E  $Tramp$TT$L$PI$$ti_sysbios_family_arm_m3_Hwi_setPriority__E
   1002e919     00003970     00003948   dpl_cc13x2.a : HwiP_tirtos.oem4f (.text:HwiP_setPriority)
ti_sysbios_family_arm_m3_Hwi_disableFxn__E  $Tramp$TT$L$PI$$ti_sysbios_family_arm_m3_Hwi_disableFxn__E
   1002eb55     00003978     00003944   dpl_cc13x2.a : HwiP_tirtos.oem4f (.text:HwiP_disable)
ti_sysbios_knl_Task_self__E  $Tramp$TT$L$PI$$ti_sysbios_knl_Task_self__E
   1002eaf5     00003980     000038f2   rom_sysbios.aem4f : rom_sysbios.obj (.text:pthread_self)
ti_sysbios_knl_Semaphore_delete  $Tramp$TT$L$PI$$ti_sysbios_knl_Semaphore_delete
   1002ecdb     00003988     000038c6   dpl_cc13x2.a : SemaphoreP_tirtos.oem4f (.text:SemaphoreP_delete)
ti_sysbios_knl_Clock_logTick__E  $Tramp$TT$L$PI$$ti_sysbios_knl_Clock_logTick__E
   1002dbd7     00003990     000037ba   release_pem4f.oem4f (.text:ti_sysbios_knl_Clock_doTick__I)
ti_sysbios_knl_Swi_post__E  $Tramp$TT$L$PI$$ti_sysbios_knl_Swi_post__E
   1002d891     00003998     00003708   rom_sysbios.aem4f : rom_sysbios.obj (.text:ti_sysbios_knl_Swi_or__E)
                             000037c2   release_pem4f.oem4f (.text:ti_sysbios_knl_Clock_doTick__I)
ti_sysbios_BIOS_RtsGateProxy_leave__E  $Tramp$TT$L$PI$$ti_sysbios_BIOS_RtsGateProxy_leave__E
   1002ec7b     000039a0     000036ea   release_pem4f.oem4f (.text:ti_sysbios_BIOS_rtsUnlock__I)
ti_sysbios_knl_Swi_construct  $Tramp$TT$L$PI$$ti_sysbios_knl_Swi_construct
   1002d719     000039a8     000035fe   rom_sysbios.aem4f : rom_sysbios.obj (.text:ti_sysbios_knl_Swi_construct2__E)
ti_sysbios_knl_Swi_restore__E  $Tramp$TT$L$PI$$ti_sysbios_knl_Swi_restore__E
   1002db61     000039b0     000035e2   dpl_cc13x2.a : PowerCC26X2_tirtos.oem4f (.text:PowerCC26XX_schedulerRestore)
ti_sysbios_BIOS_RtsGateProxy_enter__E  $Tramp$TT$L$PI$$ti_sysbios_BIOS_RtsGateProxy_enter__E
   1002ec77     000039b8     000034f2   release_pem4f.oem4f (.text:ti_sysbios_BIOS_rtsLock__I)
ti_sysbios_knl_Clock_TimerProxy_getCurrentTick__E  $Tramp$TT$L$PI$$ti_sysbios_knl_Clock_TimerProxy_getCurrentTick__E
   1002eac5     000039c0     000032d6   rom_sysbios.aem4f : rom_sysbios.obj (.text:ti_sysbios_knl_Clock_getTicksUntilInterrupt__E)
ti_sysbios_knl_Task_delete  $Tramp$TT$L$PI$$ti_sysbios_knl_Task_delete
   1002ece7     000039c8     00003280   rom_sysbios.aem4f : rom_sysbios.obj (.text:_pthread_delete$45)
ti_sysbios_knl_Semaphore_destruct  $Tramp$TT$L$PI$$ti_sysbios_knl_Semaphore_destruct
   1002e6fd     000039d0     00003274   rom_sysbios.aem4f : rom_sysbios.obj (.text:_pthread_delete$45)
ti_sysbios_knl_Semaphore_create  $Tramp$TT$L$PI$$ti_sysbios_knl_Semaphore_create
   1002dc49     000039d8     00003234   dpl_cc13x2.a : SemaphoreP_tirtos.oem4f (.text:SemaphoreP_createBinary)
ti_sysbios_knl_Task_startup__E  $Tramp$TT$L$PI$$ti_sysbios_knl_Task_startup__E
   1002eceb     000039e0     00003120   release_pem4f.oem4f (.text:ti_sysbios_BIOS_startFunc__I)
ti_sysbios_knl_Swi_startup__E  $Tramp$TT$L$PI$$ti_sysbios_knl_Swi_startup__E
   1002ec6b     000039e8     0000311c   release_pem4f.oem4f (.text:ti_sysbios_BIOS_startFunc__I)
ti_sysbios_hal_Hwi_startup__E  $Tramp$TT$L$PI$$ti_sysbios_hal_Hwi_startup__E
   1002ec31     000039f0     00003118   release_pem4f.oem4f (.text:ti_sysbios_BIOS_startFunc__I)
ti_sysbios_family_arm_cc26xx_Timer_startup__E  $Tramp$TT$L$PI$$ti_sysbios_family_arm_cc26xx_Timer_startup__E
   1002dcf1     000039f8     00003114   release_pem4f.oem4f (.text:ti_sysbios_BIOS_startFunc__I)
xdc_runtime_System_atexit__E  $Tramp$TT$L$PI$$xdc_runtime_System_atexit__E
   1002f559     00003a00     0000310c   release_pem4f.oem4f (.text:ti_sysbios_BIOS_startFunc__I)
ti_sysbios_BIOS_linkedWithIncorrectBootLibrary__E  $Tramp$TT$L$PI$$ti_sysbios_BIOS_linkedWithIncorrectBootLibrary__E
   1002d01b     00003a08     00003106   release_pem4f.oem4f (.text:ti_sysbios_BIOS_startFunc__I)
xdc_runtime_Startup_rtsDone__E  $Tramp$TT$L$PI$$xdc_runtime_Startup_rtsDone__E
   1002f8e5     00003a10     000030fe   release_pem4f.oem4f (.text:ti_sysbios_BIOS_startFunc__I)
ti_sysbios_knl_Swi_disable__E  $Tramp$TT$L$PI$$ti_sysbios_knl_Swi_disable__E
   1002ea25     00003a18     000030ce   release_pem4f.oem4f (.text:ti_sysbios_BIOS_atExitFunc__I)
                             000035ca   dpl_cc13x2.a : PowerCC26X2_tirtos.oem4f (.text:PowerCC26XX_schedulerDisable)
ti_sysbios_family_arm_m3_Hwi_construct  $Tramp$TT$L$PI$$ti_sysbios_family_arm_m3_Hwi_construct
   1002d421     00003a20     00002e0a   rom_sysbios.aem4f : rom_sysbios.obj (.text:ti_sysbios_family_arm_m3_Hwi_construct2__E)
ti_sysbios_knl_Task_sleep__E  $Tramp$TT$L$PI$$ti_sysbios_knl_Task_sleep__E
   1002ce01     00003a28     00002dde   rom_sysbios.aem4f : rom_sysbios.obj (.text:sleep)
ti_sysbios_family_arm_m3_Hwi_Params__init__S  $Tramp$TT$L$PI$$ti_sysbios_family_arm_m3_Hwi_Params__init__S
   1002eb49     00003a30     00002d54   dpl_cc13x2.a : HwiP_tirtos.oem4f (.text:HwiP_construct)
ti_sysbios_knl_Clock_construct  $Tramp$TT$L$PI$$ti_sysbios_knl_Clock_construct
   1002dd8d     00003a38     00002c2e   dpl_cc13x2.a : ClockP_tirtos.oem4f (.text:ClockP_construct)
ti_sysbios_knl_Clock_Params__init__S  $Tramp$TT$L$PI$$ti_sysbios_knl_Clock_Params__init__S
   1002eb9d     00003a40     00002c14   dpl_cc13x2.a : ClockP_tirtos.oem4f (.text:ClockP_construct)
ti_sysbios_knl_Swi_Params__init__S  $Tramp$TT$L$PI$$ti_sysbios_knl_Swi_Params__init__S
   1002ebf1     00003a48     0000286a   dpl_cc13x2.a : SwiP_tirtos.oem4f (.text:SwiP_construct)
xdc_runtime_System_exit__E  $Tramp$TT$L$PI$$xdc_runtime_System_exit__E
   1002f7b1     00003a50     00002728   boot.aem4f : boot.oem4f (.text)
                             00003760   release_pem4f.oem4f (.text:ti_sysbios_BIOS_exitFunc__I)
ti_sysbios_heaps_HeapMem_restore__E  $Tramp$TT$L$PI$$ti_sysbios_heaps_HeapMem_restore__E
   1002eb13     00003a58     000025c4   rom_sysbios.aem4f : rom_sysbios.obj (.text:ti_sysbios_heaps_HeapMem_initPrimary__I)
ti_sysbios_heaps_HeapMem_Object__get__S  $Tramp$TT$L$PI$$ti_sysbios_heaps_HeapMem_Object__get__S
   1002e275     00003a60     00002594   rom_sysbios.aem4f : rom_sysbios.obj (.text:ti_sysbios_heaps_HeapMem_initPrimary__I)
ti_sysbios_BIOS_start__E  $Tramp$TT$L$PI$$ti_sysbios_BIOS_start__E
   1002eaa5     00003a68     00002456   main_tirtos.obj (.text:main)
xdc_runtime_Error_raiseX__E  $Tramp$TT$L$PI$$xdc_runtime_Error_raiseX__E
   1002f739     00003a70     00001f5e   rom_sysbios.aem4f : rom_sysbios.obj (.text:ti_sysbios_family_arm_m3_Hwi_excHandlerMin__I)
ti_sysbios_BIOS_setThreadType__E  $Tramp$TT$L$PI$$ti_sysbios_BIOS_setThreadType__E
   1002ea11     00003a78     00001f1e   rom_sysbios.aem4f : rom_sysbios.obj (.text:ti_sysbios_family_arm_m3_Hwi_excHandlerMin__I)
                             000030d8   release_pem4f.oem4f (.text:ti_sysbios_BIOS_atExitFunc__I)
                             0000375a   release_pem4f.oem4f (.text:ti_sysbios_BIOS_exitFunc__I)
ti_sysbios_family_arm_m3_Hwi_excFillContext__I  $Tramp$TT$L$PI$$ti_sysbios_family_arm_m3_Hwi_excFillContext__I
   1002bda9     00003a80     00001f18   rom_sysbios.aem4f : rom_sysbios.obj (.text:ti_sysbios_family_arm_m3_Hwi_excHandlerMin__I)
ti_sysbios_knl_Semaphore_post__E  $Tramp$TT$L$PI$$ti_sysbios_knl_Semaphore_post__E
   1002cd21     00003a88     00001bba   rom_sysbios.aem4f : rom_sysbios.obj (.text:_pthread_removeThreadKeys)
                             00002770                     : rom_sysbios.obj (.text:pthread_exit)
                             0000394c   dpl_cc13x2.a : SemaphoreP_tirtos.oem4f (.text:SemaphoreP_post)
xdc_runtime_Memory_free__E  $Tramp$TT$L$PI$$xdc_runtime_Memory_free__E
   1002f81d     00003a90     00001bb0   rom_sysbios.aem4f : rom_sysbios.obj (.text:_pthread_removeThreadKeys)
                             0000328c                     : rom_sysbios.obj (.text:_pthread_delete$45)
ti_sysbios_knl_Queue_next__E  $Tramp$TT$L$PI$$ti_sysbios_knl_Queue_next__E
   1002ecd7     00003a98     00001b8a   rom_sysbios.aem4f : rom_sysbios.obj (.text:_pthread_removeThreadKeys)
ti_sysbios_knl_Queue_head__E  $Tramp$TT$L$PI$$ti_sysbios_knl_Queue_head__E
   1002ecd3     00003aa0     00001b76   rom_sysbios.aem4f : rom_sysbios.obj (.text:_pthread_removeThreadKeys)
ti_sysbios_knl_Semaphore_pend__E  $Tramp$TT$L$PI$$ti_sysbios_knl_Semaphore_pend__E
   1002bfb1     00003aa8     00001b70   rom_sysbios.aem4f : rom_sysbios.obj (.text:_pthread_removeThreadKeys)
                             000037ce   dpl_cc13x2.a : SemaphoreP_tirtos.oem4f (.text:SemaphoreP_pend)
ti_sysbios_knl_Task_restore__E  $Tramp$TT$L$PI$$ti_sysbios_knl_Task_restore__E
   1002df45     00003ab0     000017b6   rom_sysbios.aem4f : rom_sysbios.obj (.text:ti_sysbios_knl_Task_setPri__E)
                             00001b64                     : rom_sysbios.obj (.text:_pthread_removeThreadKeys)
                             00001bc4                     : rom_sysbios.obj (.text:_pthread_removeThreadKeys)
                             00002782                     : rom_sysbios.obj (.text:pthread_exit)
                             000033c0                     : rom_sysbios.obj (.text:_pthread_cleanupFxn)
                             000035ea   dpl_cc13x2.a : PowerCC26X2_tirtos.oem4f (.text:PowerCC26XX_schedulerRestore)
ti_sysbios_knl_Queue_enqueue__E  $Tramp$TT$L$PI$$ti_sysbios_knl_Queue_enqueue__E
   1002ebd9     00003ab8     00001788   rom_sysbios.aem4f : rom_sysbios.obj (.text:ti_sysbios_knl_Task_setPri__E)
ti_sysbios_knl_Queue_empty__E  $Tramp$TT$L$PI$$ti_sysbios_knl_Queue_empty__E
   1002eb21     00003ac0     00001770   rom_sysbios.aem4f : rom_sysbios.obj (.text:ti_sysbios_knl_Task_setPri__E)
                             00001b5c                     : rom_sysbios.obj (.text:_pthread_removeThreadKeys)
ti_sysbios_knl_Queue_remove__E  $Tramp$TT$L$PI$$ti_sysbios_knl_Queue_remove__E
   1002eb2f     00003ac8     0000176a   rom_sysbios.aem4f : rom_sysbios.obj (.text:ti_sysbios_knl_Task_setPri__E)
                             00001b92                     : rom_sysbios.obj (.text:_pthread_removeThreadKeys)
                             00001b98                     : rom_sysbios.obj (.text:_pthread_removeThreadKeys)
ti_sysbios_knl_Task_disable__E  $Tramp$TT$L$PI$$ti_sysbios_knl_Task_disable__E
   1002ea4d     00003ad0     00001730   rom_sysbios.aem4f : rom_sysbios.obj (.text:ti_sysbios_knl_Task_setPri__E)
                             00001b52                     : rom_sysbios.obj (.text:_pthread_removeThreadKeys)
                             00002776                     : rom_sysbios.obj (.text:pthread_exit)
                             000030d2   release_pem4f.oem4f (.text:ti_sysbios_BIOS_atExitFunc__I)
                             000033b2   rom_sysbios.aem4f : rom_sysbios.obj (.text:_pthread_cleanupFxn)
                             000035c2   dpl_cc13x2.a : PowerCC26X2_tirtos.oem4f (.text:PowerCC26XX_schedulerDisable)
ti_sysbios_knl_Clock_stop__E  $Tramp$TT$L$PI$$ti_sysbios_knl_Clock_stop__E
   1002e2c5     00003ad8     000011de   dpl_cc13x2.a : PowerCC26X2_tirtos.oem4f (.text:PowerCC26XX_standbyPolicy)
                             00003940                : ClockP_tirtos.oem4f (.text:ClockP_stop)
ti_sysbios_knl_Clock_start__E  $Tramp$TT$L$PI$$ti_sysbios_knl_Clock_start__E
   1002e9e7     00003ae0     000011ca   dpl_cc13x2.a : PowerCC26X2_tirtos.oem4f (.text:PowerCC26XX_standbyPolicy)
                             0000393c                : ClockP_tirtos.oem4f (.text:ClockP_start)
ti_sysbios_knl_Clock_setTimeout__E  $Tramp$TT$L$PI$$ti_sysbios_knl_Clock_setTimeout__E
   1002ecc3     00003ae8     000011c4   dpl_cc13x2.a : PowerCC26X2_tirtos.oem4f (.text:PowerCC26XX_standbyPolicy)
ti_sysbios_knl_Task_create  $Tramp$TT$L$PI$$ti_sysbios_knl_Task_create
   1002d529     00003af0     0000113e   rom_sysbios.aem4f : rom_sysbios.obj (.text:pthread_create)
ti_sysbios_knl_Semaphore_construct  $Tramp$TT$L$PI$$ti_sysbios_knl_Semaphore_construct
   1002ddc1     00003af8     00001134   rom_sysbios.aem4f : rom_sysbios.obj (.text:pthread_create)
                             0000320a   dpl_cc13x2.a : SemaphoreP_tirtos.oem4f (.text:SemaphoreP_constructBinary)
ti_sysbios_knl_Semaphore_Params__init__S  $Tramp$TT$L$PI$$ti_sysbios_knl_Semaphore_Params__init__S
   1002ebe5     00003b00     00001122   rom_sysbios.aem4f : rom_sysbios.obj (.text:pthread_create)
                             000031fa   dpl_cc13x2.a : SemaphoreP_tirtos.oem4f (.text:SemaphoreP_constructBinary)
                             00003224                : SemaphoreP_tirtos.oem4f (.text:SemaphoreP_createBinary)
ti_sysbios_knl_Queue_construct  $Tramp$TT$L$PI$$ti_sysbios_knl_Queue_construct
   1002dee5     00003b08     00001116   rom_sysbios.aem4f : rom_sysbios.obj (.text:pthread_create)
xdc_runtime_Memory_alloc__E  $Tramp$TT$L$PI$$xdc_runtime_Memory_alloc__E
   1002f289     00003b10     000010be   rom_sysbios.aem4f : rom_sysbios.obj (.text:pthread_create)
ti_sysbios_knl_Task_Params__init__S  $Tramp$TT$L$PI$$ti_sysbios_knl_Task_Params__init__S
   1002ec09     00003b18     000010aa   rom_sysbios.aem4f : rom_sysbios.obj (.text:pthread_create)
ti_sysbios_family_arm_m3_Hwi_restoreFxn__E  $Tramp$TT$L$PI$$ti_sysbios_family_arm_m3_Hwi_restoreFxn__E
   1002ec47     00003b20     00000d02   drivers_cc13x2.a : GPIOCC26XX.oem4f (.text:GPIO_setConfig)
                             00000d32                    : GPIOCC26XX.oem4f (.text:GPIO_setConfig)
                             00001056                    : PINCC26XX.oem4f (.text:PINCC26XX_setIoCfg)
                             0000125a                    : GPIOCC26XX.oem4f (.text:GPIO_init)
                             00001260                    : GPIOCC26XX.oem4f (.text:GPIO_init)
                             000013a4                    : PowerCC26X2.oem4f (.text:Power_releaseDependency)
                             0000145e                    : PowerCC26X2.oem4f (.text:Power_setDependency)
                             0000150e                    : TRNGCC26XX.oem4f (.text:TRNG_generateEntropy)
                             00001a9e                    : TRNGCC26XX.oem4f (.text:TRNGCC26XX_hwiFxn)
                             0000218c                    : TRNGCC26XX.oem4f (.text:TRNG_construct)
                             0000219a                    : TRNGCC26XX.oem4f (.text:TRNG_construct)
                             000024b6                    : GPIOCC26XX.oem4f (.text:GPIO_write)
                             0000265e                    : PowerCC26X2_calibrateRCOSC.oem4f (.text:PowerCC26X2_initiateCalibration)
                             000026ca                    : TRNGCC26XX.oem4f (.text:TRNG_init)
                             00002804                    : StructRingBuf.oem4f (.text:StructRingBuf_put)
                             00002838                    : StructRingBuf.oem4f (.text:StructRingBuf_put)
                             000029b4                    : StructRingBuf.oem4f (.text:StructRingBuf_get)
                             000029be                    : StructRingBuf.oem4f (.text:StructRingBuf_get)
                             00002ac2                    : PowerCC26X2.oem4f (.text:switchXOSCHF)
                             00002f32                    : GPIOCC26XX.oem4f (.text:GPIO_toggle)
                             00003060                    : PowerCC26X2.oem4f (.text:Power_releaseConstraint)
                             00003090                    : PowerCC26X2.oem4f (.text:Power_setConstraint)
                             00003338                    : List.oem4f (.text:List_put)
                             0000335e                    : List.oem4f (.text:List_putHead)
                             00003384                    : List.oem4f (.text:List_remove)
xdc_runtime_System_doPrint__I  $Tramp$TT$L$PI$$xdc_runtime_System_doPrint__I
   1002ecf1     00003b28     000008be   release_pem4f.oem4f (.text:xdc_runtime_System_printfExtend__I)

[56 trampolines]
[107 trampoline calls]


GLOBAL SYMBOLS: SORTED ALPHABETICALLY BY Name 

address   name                                                               
-------   ----                                                               
000040b8  BoardGpioInitTable                                                 
000034ad  Board_init                                                         
000003bf  Board_initHook                                                     
00001e79  Board_sendExtFlashByte                                             
00002bb9  Board_shutDownExtFlash                                             
000028e5  Board_wakeUpExtFlash                                               
00003915  ClockP_Params_init                                                 
00002bf9  ClockP_construct                                                   
00003879  ClockP_getSystemTickPeriod                                         
1002dc11  ClockP_getSystemTicks                                              
0000393d  ClockP_start                                                       
00003941  ClockP_stop                                                        
00003831  CryptoKeyPlaintext_initBlankKey                                    
0000401c  GPIOCC26XX_config                                                  
00002fdd  GPIO_hwiIntFxn                                                     
00001241  GPIO_init                                                          
0000300d  GPIO_setCallback                                                   
00000c91  GPIO_setConfig                                                     
00002f0d  GPIO_toggle                                                        
00002465  GPIO_write                                                         
00004000  HEAPSIZE                                                           
000037f1  HwiP_Params_init                                                   
00002d39  HwiP_construct                                                     
00003945  HwiP_disable                                                       
1002ec47  HwiP_restore                                                       
00003949  HwiP_setPriority                                                   
UNDEFED   ITM_flush                                                          
UNDEFED   ITM_restore                                                        
00003319  List_put                                                           
0000333f  List_putHead                                                       
00003365  List_remove                                                        
00002f41  NOROM_AUXSYSIFOpModeChange                                         
00003885  NOROM_CPUcpsid                                                     
00003891  NOROM_CPUcpsie                                                     
00003927  NOROM_CPUdelay                                                     
00003589  NOROM_ChipInfo_GetChipFamily                                       
000022c5  NOROM_ChipInfo_GetChipType                                         
00002aed  NOROM_ChipInfo_GetHwRevision                                       
0000364d  NOROM_ChipInfo_GetPackageType                                      
00001ac5  NOROM_OSCHF_AttemptToSwitchToXosc                                  
00002331  NOROM_OSCHF_SwitchToRcOscTurnOffXosc                               
0000338d  NOROM_OSCHF_TurnOnXosc                                             
00002c39  NOROM_OSC_HPOSCRelativeFrequencyOffsetGet                          
00002799  NOROM_PRCMPowerDomainsAllOff                                       
00002931  NOROM_PRCMPowerDomainsAllOn                                        
00001901  NOROM_SetupTrimDevice                                              
00002f75  NOROM_SysCtrlIdle                                                  
00001f81  NOROM_SysCtrlSetRechargeBeforePowerDown                            
00000e9d  NOROM_SysCtrlStandby                                               
00003725  NOROM_ThisLibraryIsFor_CC13x2_CC26x2_HwRev20AndLater_HaltIfViolated
00003801  PINCC26XX_getPinCount                                              
000040c0  PINCC26XX_hwAttrs                                                  
000021e5  PIN_add                                                            
0000354d  PIN_close                                                          
0000003d  PIN_init                                                           
00001531  PIN_open                                                           
0000389d  PIN_registerIntCb                                                  
00002525  PIN_remove                                                         
00002e2d  PIN_setConfig                                                      
00002d79  PIN_setOutputValue                                                 
00002a15  PowerCC26X2_RCOSC_clockFunc                                        
000020fd  PowerCC26X2_auxISR                                                 
00003767  PowerCC26X2_calibrate                                              
00004030  PowerCC26X2_config                                                 
00002639  PowerCC26X2_initiateCalibration                                    
20004110  PowerCC26X2_module                                                 
00003631  PowerCC26XX_calibrate                                              
000035c1  PowerCC26XX_schedulerDisable                                       
000035dd  PowerCC26XX_schedulerRestore                                       
00001179  PowerCC26XX_standbyPolicy                                          
20004bf4  PowerCC26XX_swiKey                                                 
20004bf8  PowerCC26XX_taskKey                                                
000038a9  Power_getConstraintMask                                            
000038b5  Power_getDependencyCount                                           
0000356b  Power_getTransitionLatency                                         
00003665  Power_idleFunc                                                     
000009fd  Power_init                                                         
0000303d  Power_releaseConstraint                                            
00001305  Power_releaseDependency                                            
0000306d  Power_setConstraint                                                
000013c5  Power_setDependency                                                
000003c1  Power_sleep                                                        
00003b30  ROM_constStruct                                                    
00003f84  ROM_externFuncPtrs                                                 
20004280  ROM_stateStruct                                                    
000026e9  ResetISR                                                           
UNDEFED   SHT$$INIT_ARRAY$$Base                                              
UNDEFED   SHT$$INIT_ARRAY$$Limit                                             
000031e9  SemaphoreP_constructBinary                                         
00003215  SemaphoreP_createBinary                                            
000038c1  SemaphoreP_delete                                                  
000037cd  SemaphoreP_pend                                                    
0000394d  SemaphoreP_post                                                    
0000377b  StructRingBuf_construct                                            
0000297d  StructRingBuf_get                                                  
0000383f  StructRingBuf_isFull                                               
000027ed  StructRingBuf_put                                                  
00003811  SwiP_Params_init                                                   
00002841  SwiP_construct                                                     
00003951  SwiP_getTrigger                                                    
00003955  SwiP_or                                                            
1002db61  SwiP_restore                                                       
000040c8  TRNG_config                                                        
00002171  TRNG_construct                                                     
00004058  TRNG_defaultParams                                                 
0000147d  TRNG_generateEntropy                                               
00002691  TRNG_init                                                          
00003821  TRNG_open                                                          
00000000  __ASM__                                                            
00000078  __ISA__                                                            
0000008b  __PLAT__                                                           
20014000  __STACK_END                                                        
00000400  __STACK_SIZE                                                       
000000b2  __TARG__                                                           
000042a8  __TI_CINIT_Base                                                    
000042d0  __TI_CINIT_Limit                                                   
0000427c  __TI_Handler_Table_Base                                            
00004288  __TI_Handler_Table_Limit                                           
00001689  __TI_auto_init                                                     
00002399  __TI_decompress_lzss                                               
0000384d  __TI_decompress_none                                               
ffffffff  __TI_pprof_out_hndl                                                
ffffffff  __TI_prof_data_size                                                
ffffffff  __TI_prof_data_start                                               
00000000  __TI_static_base__                                                 
000038e5  __TI_zero_init                                                     
000000d8  __TRDR__                                                           
00001d6d  __aeabi_cdcmpeq                                                    
00001d6d  __aeabi_cdcmple                                                    
00001df3  __aeabi_cdrcmple                                                   
00002a5d  __aeabi_d2iz                                                       
00002b75  __aeabi_d2uiz                                                      
00000213  __aeabi_dadd                                                       
00000da1  __aeabi_dmul                                                       
00000209  __aeabi_dsub                                                       
00002e9d  __aeabi_f2d                                                        
000031bb  __aeabi_i2d                                                        
000020fb  __aeabi_idiv0                                                      
000020fb  __aeabi_ldiv0                                                      
000036ad  __aeabi_lmul                                                       
00002081  __aeabi_memclr                                                     
00002081  __aeabi_memclr4                                                    
00002081  __aeabi_memclr8                                                    
000017c9  __aeabi_memcpy                                                     
000017c9  __aeabi_memcpy4                                                    
000017c9  __aeabi_memcpy8                                                    
00002083  __aeabi_memset                                                     
00002083  __aeabi_memset4                                                    
00002083  __aeabi_memset8                                                    
00002cb9  __aeabi_uidiv                                                      
00002cb9  __aeabi_uidivmod                                                   
00001999  __aeabi_uldivmod                                                   
ffffffff  __binit__                                                          
ffffffff  __c_args__                                                         
00057fa8  __ccfg                                                             
20004110  __primary_heap_end__                                               
20000110  __primary_heap_start__                                             
20013c00  __stack                                                            
20000000  __start___llvm_prf_cnts                                            
20000000  __stop___llvm_prf_cnts                                             
00003695  _args_main                                                         
000026e9  _c_int00                                                           
20004590  _hposcCoeffs                                                       
20004648  _lock                                                              
000018ff  _nop                                                               
000033b1  _pthread_cleanupFxn                                                
0000373b  _pthread_cleanup_pop                                               
00001b4d  _pthread_removeThreadKeys                                          
000038cd  _register_lock                                                     
000038d9  _register_unlock                                                   
2000464c  _unlock                                                            
ffffffff  binit                                                              
000029c9  copy_in                                                            
20004bfc  driverlib_release_0_58048                                          
200044b4  gpioCallbackFunctions                                              
200045b4  gpioPinConfigs                                                     
00004078  inPinTypes                                                         
00002401  main                                                               
00001865  mainThread                                                         
200046d8  main_func_sp                                                       
000017c9  memcpy                                                             
00002089  memset                                                             
00004084  outPinStrengths                                                    
00004068  outPinTypes                                                        
20004a48  pinHandleTable                                                     
20004654  pinLowerBound                                                      
20004650  pinUpperBound                                                      
000033f9  pthread_attr_init                                                  
0000385b  pthread_attr_setdetachstate                                        
0000378f  pthread_attr_setschedparam                                         
00003933  pthread_attr_setstacksize                                          
0000108d  pthread_create                                                     
00002741  pthread_exit                                                       
[...]
1002eb13  ti_sysbios_heaps_HeapMem_restore__E                                
1002eb21  ti_sysbios_knl_Queue_empty__E                                      
1002eb2f  ti_sysbios_knl_Queue_remove__E                                     
1002eb3d  ti_sysbios_family_arm_cc26xx_TimestampProvider_getFreq__E          
1002eb3d  xdc_runtime_Timestamp_SupportProxy_getFreq__E                      
1002eb3d  xdc_runtime_Timestamp_SupportProxy_getFreq__E                      
1002eb3d  xdc_runtime_Timestamp_getFreq__E                                   
1002eb3d  xdc_runtime_Timestamp_getFreq__E                                   
1002eb49  ti_sysbios_family_arm_m3_Hwi_Params__init__S                       
1002eb49  ti_sysbios_hal_Hwi_HwiProxy_Params__init__S                        
1002eb55  ti_sysbios_family_arm_m3_Hwi_disableFxn__E                         
1002eb61  ti_sysbios_family_arm_m3_Hwi_enableFxn__E                          
1002eb6d  ti_sysbios_gates_GateHwi_enter__E                                  
1002eb79  ti_sysbios_BIOS_RtsGateProxy_Params__init__S                       
1002eb79  ti_sysbios_gates_GateMutex_Params__init__S                         
1002eb79  ti_sysbios_heaps_HeapMem_Module_GateProxy_Params__init__S          
1002eb85  ti_sysbios_heaps_HeapTrack_Params__init__S                         
1002eb91  ti_sysbios_heaps_HeapTrack_isBlocking__E                           
1002eb9d  ti_sysbios_knl_Clock_Params__init__S                               
1002eba9  ti_sysbios_knl_Clock_getTimerHandle__E                             
1002ebb5  ti_sysbios_knl_Event_Params__init__S                               
1002ebc1  ti_sysbios_knl_Mailbox_Params__init__S                             
1002ebcd  ti_sysbios_knl_Queue_dequeue__E                                    
1002ebd9  ti_sysbios_knl_Queue_enqueue__E                                    
1002ebe5  ti_sysbios_knl_Semaphore_Params__init__S                           
1002ebf1  ti_sysbios_knl_Swi_Params__init__S                                 
1002ebfd  ti_sysbios_knl_Swi_self__E                                         
1002ec09  ti_sysbios_knl_Task_Params__init__S                                
1002ec15  ti_sysbios_hal_Hwi_Instance_finalize__E                            
1002ec1f  ti_sysbios_knl_Event_Instance_init__E                              
1002ec29  ti_sysbios_family_arm_m3_Hwi_doSwiRestore__I                       
1002ec31  ti_sysbios_family_arm_m3_Hwi_startup__E                            
1002ec31  ti_sysbios_hal_Hwi_HwiProxy_startup__E                             
1002ec31  ti_sysbios_hal_Hwi_HwiProxy_startup__E                             
1002ec31  ti_sysbios_hal_Hwi_startup__E                                      
1002ec31  ti_sysbios_hal_Hwi_startup__E                                      
1002ec39  ti_sysbios_knl_Idle_loop__E                                        
1002ec41  ti_sysbios_family_arm_m3_Hwi_doTaskRestore__I                      
1002ec47  HwiP_restore                                                       
1002ec47  ti_sysbios_family_arm_m3_Hwi_restoreFxn__E                         
1002ec4d  ti_sysbios_gates_GateHwi_leave__E                                  
1002ec53  ti_sysbios_gates_GateMutex_Instance_finalize__E                    
1002ec59  ti_sysbios_heaps_HeapMem_isBlocking__E                             
1002ec5f  ti_sysbios_knl_Queue_Instance_init__E                              
1002ec65  ti_sysbios_knl_Queue_elemClear__E                                  
1002ec6b  ti_sysbios_knl_Swi_startup__E                                      
1002ec71  ti_sysbios_knl_Task_enable__E                                      
1002ec77  ti_sysbios_BIOS_RtsGateProxy_enter__E                              
1002ec7b  ti_sysbios_BIOS_RtsGateProxy_leave__E                              
1002ec7f  ti_sysbios_family_arm_cc26xx_Timer_getExpiredTicks__E              
1002ec83  ti_sysbios_family_arm_cc26xx_Timer_getPeriod__E                    
1002ec87  ti_sysbios_family_arm_cc26xx_Timer_setPeriod__E                    
1002ec8b  ti_sysbios_family_arm_m3_Hwi_delete                                
1002ec8f  ti_sysbios_family_arm_m3_TaskSupport_Module__startupDone__S        
1002ec8f  ti_sysbios_knl_Task_SupportProxy_Module__startupDone__S            
1002ec93  ti_sysbios_gates_GateHwi_query__E                                  
1002ec93  xdc_runtime_Main_Module_GateProxy_query__E                         
1002ec93  xdc_runtime_System_Module_GateProxy_query__E                       
1002ec93  xdc_runtime_System_Module_GateProxy_query__E                       
1002ec97  ti_sysbios_gates_GateMutex_delete                                  
1002ec9b  ti_sysbios_BIOS_RtsGateProxy_query__E                              
1002ec9b  ti_sysbios_BIOS_RtsGateProxy_query__E                              
1002ec9b  ti_sysbios_gates_GateMutex_query__E                                
1002ec9b  ti_sysbios_heaps_HeapMem_Module_GateProxy_query__E                 
1002ec9b  ti_sysbios_heaps_HeapMem_Module_GateProxy_query__E                 
1002ec9f  ti_sysbios_hal_Hwi_HwiProxy_create                                 
1002eca3  ti_sysbios_hal_Hwi_HwiProxy_delete                                 
1002eca7  ti_sysbios_hal_Hwi_delete                                          
1002ecab  ti_sysbios_heaps_HeapMem_Module_GateProxy_enter__E                 
1002ecaf  ti_sysbios_heaps_HeapMem_Module_GateProxy_leave__E                 
1002ecb3  ti_sysbios_knl_Clock_TimerProxy_getExpiredTicks__E                 
1002ecb7  ti_sysbios_knl_Clock_TimerProxy_getPeriod__E                       
1002ecbb  ti_sysbios_knl_Clock_delete                                        
1002ecbf  ti_sysbios_knl_Clock_removeI__E                                    
1002ecc3  ti_sysbios_knl_Clock_setTimeout__E                                 
1002ecc7  ti_sysbios_knl_Event_delete                                        
1002eccb  ti_sysbios_knl_Mailbox_delete                                      
1002eccf  ti_sysbios_knl_Queue_delete                                        
1002ecd3  ti_sysbios_knl_Queue_head__E                                       
1002ecd7  ti_sysbios_knl_Queue_next__E                                       
1002ecdb  ti_sysbios_knl_Semaphore_delete                                    
1002ecdf  ti_sysbios_knl_Swi_delete                                          
1002ece3  ti_sysbios_knl_Swi_postInit__I                                     
1002ece7  ti_sysbios_knl_Task_delete                                         
1002eceb  ti_sysbios_knl_Task_startup__E                                     
1002ecf1  xdc_runtime_System_doPrint__I                                      
1002f055  xdc_runtime_Startup_startMods__I                                   
1002f15d  xdc_runtime_Text_putSite__E                                        
1002f1f7  xdc_runtime_Error_policySpin__E                                    
1002f1f9  xdc_runtime_Text_putMod__E                                         
1002f289  xdc_runtime_Memory_alloc__E                                        
1002f2f9  xdc_runtime_Core_createObject__I                                   
1002f367  xdc_runtime_Core_deleteObject__I                                   
1002f3c5  xdc_runtime_Text_putLab__E                                         
1002f421  xdc_runtime_Assert_raise__I                                        
1002f475  xdc_runtime_Startup_exec__E                                        
1002f4c9  xdc_runtime_Core_assignParams__I                                   
1002f511  xdc_runtime_Core_constructObject__I                                
1002f559  xdc_runtime_System_atexit__E                                       
1002f5a1  xdc_runtime_Text_xprintf__I                                        
1002f5e5  xdc_runtime_System_processAtExit__E                                
1002f625  xdc_runtime_System_putchar__I                                      
1002f659  xdc_runtime_Core_assignLabel__I                                    
1002f689  xdc_runtime_Text_printVisFxn__I                                    
1002f6b9  xdc_runtime_System_vprintf__E                                      
1002f6e5  xdc_runtime_Text_cordText__E                                       
1002f711  xdc_runtime_System_abort__E                                        
1002f739  xdc_runtime_Error_raiseX__E                                        
1002f759  xdc_runtime_Registry_findById__E                                   
1002f779  xdc_runtime_Error_check__E                                         
1002f795  xdc_runtime_Memory_valloc__E                                       
1002f7b1  xdc_runtime_System_exit__E                                         
1002f7cd  xdc_runtime_Text_ropeText__E                                       
1002f7e9  xdc_runtime_System_printf__E                                       
1002f803  xdc_runtime_Core_destructObject__I                                 
1002f81b  xdc_runtime_System_abortSpin__E                                    
1002f81d  xdc_runtime_Memory_free__E                                         
1002f831  xdc_runtime_Memory_getStats__E                                     
1002f845  xdc_runtime_SysCallback_abort__E                                   
1002f845  xdc_runtime_System_SupportProxy_abort__E                           
1002f859  xdc_runtime_SysCallback_exit__E                                    
1002f859  xdc_runtime_System_SupportProxy_exit__E                            
1002f86d  xdc_runtime_SysCallback_flush__E                                   
1002f86d  xdc_runtime_System_SupportProxy_flush__E                           
1002f86d  xdc_runtime_System_flush__E                                        
1002f881  xdc_runtime_SysCallback_putch__E                                   
1002f881  xdc_runtime_System_SupportProxy_putch__E                           
1002f895  xdc_runtime_SysCallback_ready__E                                   
1002f895  xdc_runtime_System_SupportProxy_ready__E                           
1002f8a9  xdc_runtime_Memory_getMaxDefaultTypeAlign__E                       
1002f8b9  xdc_runtime_System_vsnprintf__E                                    
1002f8c9  xdc_runtime_Timestamp_SupportProxy_get32__E                        
1002f8c9  xdc_runtime_Timestamp_SupportProxy_get32__E                        
1002f8c9  xdc_runtime_Timestamp_get32__E                                     
1002f8c9  xdc_runtime_Timestamp_get32__E                                     
1002f8d9  xdc_runtime_Memory_calloc__E                                       
1002f8e5  xdc_runtime_Startup_rtsDone__E                                     
1002f8f1  xdc_runtime_Memory_HeapProxy_alloc__E                              
1002f8fb  xdc_runtime_Memory_HeapProxy_free__E                               
1002f905  xdc_runtime_Memory_HeapProxy_getStats__E                           
1002f90f  xdc_runtime_Gate_leaveSystem__E                                    
1002f915  xdc_runtime_System_Module_startup__E                               
1002f91b  xdc_runtime_Gate_enterSystem__E                                    
1002f91f  xdc_runtime_SysCallback_Module__startupDone__S                     
1002f91f  xdc_runtime_System_SupportProxy_Module__startupDone__S             
1002f923  xdc_runtime_System_Module_GateProxy_enter__E                       
1002f927  xdc_runtime_System_Module_GateProxy_leave__E                       
1002f92b  xdc_runtime_System_printf_va__F                                    
1002f92f  xdc_runtime_System_exitSpin__E                                     
1002f931  ti_sysbios_family_arm_m3_Hwi_dispatch__I                           
1002fa11  ti_sysbios_family_arm_m3_Hwi_interruptsAreDisabledButShouldNotBe   
1002fa2d  ti_sysbios_family_arm_m3_TaskSupport_buildTaskStack                
1002fab9  ti_sysbios_family_arm_m3_Hwi_initStacks__E                         
1002fb11  ti_sysbios_family_arm_m3_Hwi_pendSV__I                             
1002fb35  ti_sysbios_family_arm_m3_Hwi_return                                
1002fb39  ti_sysbios_family_arm_m3_Hwi_excHandlerAsm__I                      
1002fb59  ti_sysbios_family_xxx_Hwi_switchAndRunFunc                         
1002fb77  ti_sysbios_family_arm_m3_TaskSupport_swap__E                       
1002fb77  ti_sysbios_knl_Task_SupportProxy_swap__E                           
1002fb77  ti_sysbios_knl_Task_SupportProxy_swap__E                           
1002fb83  ti_sysbios_knl_Task_swapReturn                                     
1002fb8f  ti_sysbios_family_arm_m3_TaskSupport_glue                          
1002fba0  ti_sysbios_knl_Task_Object__PARAMS__C                              
1002fbdc  ti_sysbios_knl_Mailbox_Object__PARAMS__C                           
1002fc10  ti_sysbios_family_arm_m3_Hwi_Object__PARAMS__C                     
1002fc40  ti_sysbios_hal_Hwi_Object__PARAMS__C                               
1002fc6c  ti_sysbios_knl_Swi_Object__PARAMS__C                               
1002fc94  ti_sysbios_heaps_HeapMem_Object__PARAMS__C                         
1002fcb8  ti_sysbios_knl_Clock_Object__PARAMS__C                             
1002fcdc  ti_sysbios_knl_Semaphore_Object__PARAMS__C                         
1002fd00  ti_sysbios_gates_GateHwi_Object__PARAMS__C                         
1002fd18  ti_sysbios_gates_GateMutex_Object__PARAMS__C                       
1002fd30  ti_sysbios_knl_Event_Object__PARAMS__C                             
1002fd48  ti_sysbios_knl_Queue_Object__PARAMS__C                             
1002fd80  ti_sysbios_heaps_HeapTrack_Object__PARAMS__C                       
1002fd9c  ti_sysbios_heaps_HeapTrack_Instance_State_trackQueue__O            
1002fda0  ti_sysbios_heaps_HeapTrack_Module__diagsEnabled__C                 
1002fda4  ti_sysbios_heaps_HeapTrack_Module__diagsIncluded__C                
1002fda8  ti_sysbios_heaps_HeapTrack_Module__diagsMask__C                    
1002fddb  strlen                                                             
20000000  __start___llvm_prf_cnts                                            
20000000  __stop___llvm_prf_cnts                                             
20000000  ti_sysbios_family_arm_m3_Hwi_ramVectors                            
20000100  xdcRomConstPtr                                                     
20000104  xdcRomExternFuncPtr                                                
20000108  xdcRomStatePtr                                                     
20000110  __primary_heap_start__                                             
20004110  PowerCC26X2_module                                                 
20004110  __primary_heap_end__                                               
20004280  ROM_stateStruct                                                    
20004280  ti_sysbios_knl_Clock_Module__state__V                              
200042ac  ti_sysbios_family_arm_cc26xx_TimestampProvider_Module__state__V    
200042b0  xdc_runtime_Startup_Module__state__V                               
200042b8  xdc_runtime_Registry_Module__state__V                              
200042c0  ti_sysbios_BIOS_Module__state__V                                   
200042e4  ti_sysbios_knl_Swi_Module__state__V                                
20004300  ti_sysbios_knl_Task_Module__state__V                               
20004344  xdc_runtime_Memory_Module__state__V                                
20004348  xdc_runtime_System_Module__state__V                                
20004350  ti_sysbios_family_arm_m3_Hwi_Module__state__V                      
20004384  ti_sysbios_family_arm_cc26xx_Timer_Module__state__V                
20004414  ti_sysbios_gates_GateMutex_Object__table__V                        
20004468  ti_sysbios_knl_Task_Object__table__V                               
200044b4  gpioCallbackFunctions                                              
200044b8  ti_sysbios_family_arm_cc26xx_Timer_Object__table__V                
20004500  ti_sysbios_knl_Swi_Module_State_0_readyQ__A                        
20004530  ti_sysbios_knl_Swi_Object__table__V                                
20004560  ti_sysbios_knl_Task_Module_State_0_readyQ__A                       
20004590  _hposcCoeffs                                                       
200045b4  gpioPinConfigs                                                     
200045d8  ti_sysbios_knl_Clock_Object__table__V                              
200045f8  xdc_runtime_Error_IgnoreBlock                                      
20004618  ti_sysbios_family_arm_m3_Hwi_Object__table__V                      
20004630  ti_sysbios_heaps_HeapMem_Object__table__V                          
20004648  _lock                                                              
2000464c  _unlock                                                            
20004650  pinUpperBound                                                      
20004654  pinLowerBound                                                      
20004660  ti_sysbios_family_arm_m3_Hwi_Module__root__V                       
20004668  ti_sysbios_gates_GateHwi_Module__root__V                           
20004670  ti_sysbios_gates_GateMutex_Module__root__V                         
20004678  ti_sysbios_hal_Hwi_Module__root__V                                 
20004680  ti_sysbios_heaps_HeapMem_Module__root__V                           
20004688  ti_sysbios_knl_Clock_Module__root__V                               
20004690  ti_sysbios_knl_Event_Module__root__V                               
20004698  ti_sysbios_knl_Mailbox_Module__root__V                             
200046a0  ti_sysbios_knl_Queue_Module__root__V                               
200046a8  ti_sysbios_knl_Semaphore_Module__root__V                           
200046b0  ti_sysbios_knl_Swi_Module__root__V                                 
200046b8  ti_sysbios_knl_Task_Module__root__V                                
200046c0  xdc_runtime_System_Module_State_0_atexitHandlers__A                
200046d8  main_func_sp                                                       
200046dc  ti_sysbios_family_arm_m3_Hwi_Module_State_0_excContext__A          
200046e0  ti_sysbios_family_arm_m3_Hwi_Module_State_0_excStack__A            
200046e4  ti_sysbios_knl_Task_Module_State_0_idleTask__A                     
200046e8  ti_sysbios_family_arm_m3_Hwi_Module_State_0_excActive__A           
200046f0  ti_sysbios_knl_Task_Instance_State_0_stack__A                      
200048f0  ti_sysbios_family_arm_m3_Hwi_dispatchTable                         
200049c8  trngCC26XXObjects                                                  
20004a48  pinHandleTable                                                     
20004bf4  PowerCC26XX_swiKey                                                 
20004bf8  PowerCC26XX_taskKey                                                
20004bfc  driverlib_release_0_58048                                          
20013c00  __stack                                                            
20014000  __STACK_END                                                        
e000e000  ti_sysbios_family_arm_m3_Hwi_nvic                                  
ffffffff  __TI_pprof_out_hndl                                                
ffffffff  __TI_prof_data_size                                                
ffffffff  __TI_prof_data_start                                               
ffffffff  __binit__                                                          
ffffffff  __c_args__                                                         
ffffffff  binit                                                              
UNDEFED   ITM_flush                                                          
UNDEFED   ITM_restore                                                        
UNDEFED   SHT$$INIT_ARRAY$$Base                                              
UNDEFED   SHT$$INIT_ARRAY$$Limit                                             

[825 symbols]
